../Core/Src/main.c:112:6:HAL_UART_RxCpltCallback	16	static
../Core/Src/main.c:123:6:HAL_GPIO_EXTI_Callback	24	static
../Core/Src/main.c:160:5:main	56	static
../Core/Src/main.c:262:6:SystemClock_Config	72	static
../Core/Src/main.c:299:13:MX_SPI1_Init	8	static
../Core/Src/main.c:337:13:MX_TIM2_Init	32	static
../Core/Src/main.c:382:13:MX_USART2_UART_Init	8	static
../Core/Src/main.c:415:13:MX_GPIO_Init	40	static
../Core/Src/main.c:476:6:Process_Modbus	8	static
../Core/Src/main.c:631:6:LoRa_Setup	4	static
../Core/Src/main.c:658:6:StartDefaultTask	16	static
../Core/Src/main.c:690:6:HAL_TIM_PeriodElapsedCallback	16	static
../Core/Src/main.c:710:6:Error_Handler	4	static,ignoring_inline_asm
